Archive member included because of file (symbol)

c:/winavr-20090313/bin/../lib/gcc/avr/4.3.2/avr5\libgcc.a(_exit.o)
                              c:/winavr-20090313/bin/../lib/gcc/avr/4.3.2/../../../../avr/lib/avr5/crtm644.o (exit)

Memory Configuration

Name             Origin             Length             Attributes
text             0x00000000         0x00020000         xr
data             0x00800060         0x0000ffa0         rw !x
eeprom           0x00810000         0x00010000         rw !x
fuse             0x00820000         0x00000400         rw !x
lock             0x00830000         0x00000400         rw !x
signature        0x00840000         0x00000400         rw !x
*default*        0x00000000         0xffffffff

Linker script and memory map

Address of section .data set to 0x800100
LOAD c:/winavr-20090313/bin/../lib/gcc/avr/4.3.2/../../../../avr/lib/avr5/crtm644.o
Address of section .text set to 0xf000
LOAD bootloaderCore.o
LOAD bootloader.o
LOAD mmc.o
LOAD math.o
LOAD fat.o
LOAD menu.o
LOAD c:/winavr-20090313/bin/../lib/gcc/avr/4.3.2/avr5\libgcc.a
LOAD c:/winavr-20090313/bin/../lib/gcc/avr/4.3.2/../../../../avr/lib/avr5\libc.a
LOAD c:/winavr-20090313/bin/../lib/gcc/avr/4.3.2/avr5\libgcc.a

.hash
 *(.hash)

.dynsym
 *(.dynsym)

.dynstr
 *(.dynstr)

.gnu.version
 *(.gnu.version)

.gnu.version_d
 *(.gnu.version_d)

.gnu.version_r
 *(.gnu.version_r)

.rel.init
 *(.rel.init)

.rela.init
 *(.rela.init)

.rel.text
 *(.rel.text)
 *(.rel.text.*)
 *(.rel.gnu.linkonce.t*)

.rela.text
 *(.rela.text)
 *(.rela.text.*)
 *(.rela.gnu.linkonce.t*)

.rel.fini
 *(.rel.fini)

.rela.fini
 *(.rela.fini)

.rel.rodata
 *(.rel.rodata)
 *(.rel.rodata.*)
 *(.rel.gnu.linkonce.r*)

.rela.rodata
 *(.rela.rodata)
 *(.rela.rodata.*)
 *(.rela.gnu.linkonce.r*)

.rel.data
 *(.rel.data)
 *(.rel.data.*)
 *(.rel.gnu.linkonce.d*)

.rela.data
 *(.rela.data)
 *(.rela.data.*)
 *(.rela.gnu.linkonce.d*)

.rel.ctors
 *(.rel.ctors)

.rela.ctors
 *(.rela.ctors)

.rel.dtors
 *(.rel.dtors)

.rela.dtors
 *(.rela.dtors)

.rel.got
 *(.rel.got)

.rela.got
 *(.rela.got)

.rel.bss
 *(.rel.bss)

.rela.bss
 *(.rela.bss)

.rel.plt
 *(.rel.plt)

.rela.plt
 *(.rela.plt)

.text           0x0000f000      0xb4c
 *(.vectors)
 .vectors       0x0000f000       0x70 c:/winavr-20090313/bin/../lib/gcc/avr/4.3.2/../../../../avr/lib/avr5/crtm644.o
                0x0000f000                __vectors
                0x0000f000                __vector_default
 *(.vectors)
 *(.progmem.gcc*)
 *(.progmem*)
                0x0000f070                . = ALIGN (0x2)
                0x0000f070                __trampolines_start = .
 *(.trampolines)
 .trampolines   0x0000f070        0x0 linker stubs
 *(.trampolines*)
                0x0000f070                __trampolines_end = .
 *(.jumptables)
 *(.jumptables*)
 *(.lowtext)
 *(.lowtext*)
                0x0000f070                __ctors_start = .
 *(.ctors)
                0x0000f070                __ctors_end = .
                0x0000f070                __dtors_start = .
 *(.dtors)
                0x0000f070                __dtors_end = .
 SORT(*)(.ctors)
 SORT(*)(.dtors)
 *(.init0)
 .init0         0x0000f070        0x0 c:/winavr-20090313/bin/../lib/gcc/avr/4.3.2/../../../../avr/lib/avr5/crtm644.o
                0x0000f070                __init
 *(.init0)
 *(.init1)
 *(.init1)
 *(.init2)
 .init2         0x0000f070        0xc c:/winavr-20090313/bin/../lib/gcc/avr/4.3.2/../../../../avr/lib/avr5/crtm644.o
 *(.init2)
 *(.init3)
 *(.init3)
 *(.init4)
 *(.init4)
 *(.init5)
 *(.init5)
 *(.init6)
 *(.init6)
 *(.init7)
 *(.init7)
 *(.init8)
 .init8         0x0000f07c        0x4 bootloaderCore.o
 *(.init8)
 *(.init9)
 .init9         0x0000f080        0x8 c:/winavr-20090313/bin/../lib/gcc/avr/4.3.2/../../../../avr/lib/avr5/crtm644.o
 *(.init9)
 *(.text)
 .text          0x0000f088        0x4 c:/winavr-20090313/bin/../lib/gcc/avr/4.3.2/../../../../avr/lib/avr5/crtm644.o
                0x0000f088                __vector_22
                0x0000f088                __vector_1
                0x0000f088                __vector_24
                0x0000f088                __vector_12
                0x0000f088                __bad_interrupt
                0x0000f088                __vector_6
                0x0000f088                __vector_3
                0x0000f088                __vector_23
                0x0000f088                __vector_25
                0x0000f088                __vector_11
                0x0000f088                __vector_17
                0x0000f088                __vector_19
                0x0000f088                __vector_7
                0x0000f088                __vector_27
                0x0000f088                __vector_5
                0x0000f088                __vector_4
                0x0000f088                __vector_9
                0x0000f088                __vector_2
                0x0000f088                __vector_21
                0x0000f088                __vector_15
                0x0000f088                __vector_8
                0x0000f088                __vector_26
                0x0000f088                __vector_14
                0x0000f088                __vector_10
                0x0000f088                __vector_16
                0x0000f088                __vector_18
                0x0000f088                __vector_20
 .text          0x0000f08c      0x5e0 bootloaderCore.o
                0x0000f452                Print
                0x0000f4e0                fatinit_c
                0x0000f330                InitVideo
                0x0000f320                ClearVram
                0x0000f4cc                mmcinit_c
                0x0000f470                DrawBar
                0x0000f232                __vector_13
                0x0000f50a                rendermenu_c
                0x0000f520                menuinit_c
                0x0000f43e                WaitVSync
                0x0000f4f4                getmenudata_c
 .text          0x0000f66c       0x38 bootloader.o
                0x0000f66c                main
 .text          0x0000f6a4      0x13a mmc.o
                0x0000f6d6                mmcdatatoken
                0x0000f6e0                mmccommand
                0x0000f716                mmcinit
                0x0000f6a4                spibyte_ff
                0x0000f78e                mmcreadsector
                0x0000f6a6                spibyte
 .text          0x0000f7de       0x5e math.o
                0x0000f7f2                loadB16
                0x0000f810                debugA
                0x0000f7fc                storeA32
                0x0000f7e8                loadB32
                0x0000f7de                loadA32
                0x0000f826                debugB
                0x0000f806                add32
 .text          0x0000f83c      0x17c fat.o
                0x0000f846                fatinit
                0x0000f8e6                getnextcluster
                0x0000f970                getroot
                0x0000f8b0                getclusterstartsector
                0x0000f91c                filterdir
 .text          0x0000f9b8      0x190 menu.o
                0x0000fb08                menucursor
                0x0000fb20                menushowinfo
                0x0000f9e0                menuinit
                0x0000fa86                getmenudata
                0x0000faa6                rendermenu
 .text          0x0000fb48        0x0 c:/winavr-20090313/bin/../lib/gcc/avr/4.3.2/avr5\libgcc.a(_exit.o)
                0x0000fb48                . = ALIGN (0x2)
 *(.text.*)
 .text.libgcc   0x0000fb48        0x0 c:/winavr-20090313/bin/../lib/gcc/avr/4.3.2/avr5\libgcc.a(_exit.o)
                0x0000fb48                . = ALIGN (0x2)
 *(.fini9)
 .fini9         0x0000fb48        0x0 c:/winavr-20090313/bin/../lib/gcc/avr/4.3.2/avr5\libgcc.a(_exit.o)
                0x0000fb48                exit
                0x0000fb48                _exit
 *(.fini9)
 *(.fini8)
 *(.fini8)
 *(.fini7)
 *(.fini7)
 *(.fini6)
 *(.fini6)
 *(.fini5)
 *(.fini5)
 *(.fini4)
 *(.fini4)
 *(.fini3)
 *(.fini3)
 *(.fini2)
 *(.fini2)
 *(.fini1)
 *(.fini1)
 *(.fini0)
 .fini0         0x0000fb48        0x4 c:/winavr-20090313/bin/../lib/gcc/avr/4.3.2/avr5\libgcc.a(_exit.o)
 *(.fini0)
                0x0000fb4c                _etext = .

.data           0x00800100        0x0 load address 0x0000fb4c
                0x00800100                PROVIDE (__data_start, .)
 *(.data)
 .data          0x00800100        0x0 c:/winavr-20090313/bin/../lib/gcc/avr/4.3.2/../../../../avr/lib/avr5/crtm644.o
 .data          0x00800100        0x0 bootloaderCore.o
 .data          0x00800100        0x0 bootloader.o
 .data          0x00800100        0x0 mmc.o
 .data          0x00800100        0x0 math.o
 .data          0x00800100        0x0 fat.o
 .data          0x00800100        0x0 menu.o
 .data          0x00800100        0x0 c:/winavr-20090313/bin/../lib/gcc/avr/4.3.2/avr5\libgcc.a(_exit.o)
 *(.data*)
 *(.rodata)
 *(.rodata*)
 *(.gnu.linkonce.d*)
                0x00800100                . = ALIGN (0x2)
                0x00800100                _edata = .
                0x00800100                PROVIDE (__data_end, .)

.bss            0x00800100      0xd44
                0x00800100                PROVIDE (__bss_start, .)
 *(.bss)
 .bss           0x00800100        0x0 c:/winavr-20090313/bin/../lib/gcc/avr/4.3.2/../../../../avr/lib/avr5/crtm644.o
 .bss           0x00800100      0xac5 bootloaderCore.o
                0x00800bc2                wave_pos
                0x00800bc3                wave_vol
                0x00800bba                vsync_flag
                0x00800bbe                first_render_line_tmp
                0x00800bbf                screen_tiles_v_tmp
                0x00800100                vram
                0x00800bc0                joypad_status
 .bss           0x00800bc5        0x0 bootloader.o
 .bss           0x00800bc5      0x200 mmc.o
                0x00800bc5                buffer
 .bss           0x00800dc5        0x0 math.o
 .bss           0x00800dc5        0xf fat.o
                0x00800dd3                sectorsPerCluster
                0x00800dd1                uzeboxDirTableCluster
 .bss           0x00800dd4       0x70 menu.o
                0x00800dd7                menuClusterBuffer
                0x00800dd6                menuTotalEntries
 .bss           0x00800e44        0x0 c:/winavr-20090313/bin/../lib/gcc/avr/4.3.2/avr5\libgcc.a(_exit.o)
 *(.bss*)
 *(COMMON)
                0x00800e44                PROVIDE (__bss_end, .)
                0x0000fb4c                __data_load_start = LOADADDR (.data)
                0x0000fb4c                __data_load_end = (__data_load_start + SIZEOF (.data))

.noinit         0x00800e44        0x0
                0x00800e44                PROVIDE (__noinit_start, .)
 *(.noinit*)
                0x00800e44                PROVIDE (__noinit_end, .)
                0x00800e44                _end = .
                0x00800e44                PROVIDE (__heap_start, .)

.eeprom         0x00810000        0x0
 *(.eeprom*)
                0x00810000                __eeprom_end = .

.fuse
 *(.fuse)
 *(.lfuse)
 *(.hfuse)
 *(.efuse)

.lock
 *(.lock*)

.signature
 *(.signature*)

.stab
 *(.stab)

.stabstr
 *(.stabstr)

.stab.excl
 *(.stab.excl)

.stab.exclstr
 *(.stab.exclstr)

.stab.index
 *(.stab.index)

.stab.indexstr
 *(.stab.indexstr)

.comment
 *(.comment)

.debug
 *(.debug)

.line
 *(.line)

.debug_srcinfo
 *(.debug_srcinfo)

.debug_sfnames
 *(.debug_sfnames)

.debug_aranges
 *(.debug_aranges)

.debug_pubnames
 *(.debug_pubnames)

.debug_info
 *(.debug_info)
 *(.gnu.linkonce.wi.*)

.debug_abbrev
 *(.debug_abbrev)

.debug_line
 *(.debug_line)

.debug_frame
 *(.debug_frame)

.debug_str
 *(.debug_str)

.debug_loc
 *(.debug_loc)

.debug_macinfo
 *(.debug_macinfo)
OUTPUT(Bootloader.elf elf32-avr)
LOAD linker stubs
