Archive member included because of file (symbol)

c:/apps/winavr-20080610/bin/../lib/gcc/avr/4.3.0/avr5\libgcc.a(_mulsi3.o)
                              Uzeamp.o (__mulsi3)
c:/apps/winavr-20080610/bin/../lib/gcc/avr/4.3.0/avr5\libgcc.a(_udivmodqi4.o)
                              uzeboxVideoEngine.o (__udivmodqi4)
c:/apps/winavr-20080610/bin/../lib/gcc/avr/4.3.0/avr5\libgcc.a(_udivmodhi4.o)
                              uzeboxVideoEngine.o (__udivmodhi4)
c:/apps/winavr-20080610/bin/../lib/gcc/avr/4.3.0/avr5\libgcc.a(_divmodhi4.o)
                              Uzeamp.o (__divmodhi4)
c:/apps/winavr-20080610/bin/../lib/gcc/avr/4.3.0/avr5\libgcc.a(_udivmodsi4.o)
                              uzeboxVideoEngine.o (__udivmodsi4)
c:/apps/winavr-20080610/bin/../lib/gcc/avr/4.3.0/avr5\libgcc.a(_divmodsi4.o)
                              Uzeamp.o (__divmodsi4)
c:/apps/winavr-20080610/bin/../lib/gcc/avr/4.3.0/avr5\libgcc.a(_exit.o)
                              c:/apps/winavr-20080610/bin/../lib/gcc/avr/4.3.0/../../../../avr/lib/avr5/crtm644.o (exit)
c:/apps/winavr-20080610/bin/../lib/gcc/avr/4.3.0/avr5\libgcc.a(_copy_data.o)
                              uzeboxCore.o (__do_copy_data)
c:/apps/winavr-20080610/bin/../lib/gcc/avr/4.3.0/avr5\libgcc.a(_clear_bss.o)
                              uzeboxCore.o (__do_clear_bss)

Allocating common symbols
Common symbol       size              file

sprites             0x10              uzeboxVideoEngine.o
songStart           0x2               uzeboxSoundEngine.o
mmc_mixer_sector    0x4               mmc_if.o
x                   0x2               Uzeamp.o
tracks              0x58              uzeboxSoundEngine.o
fadeSpeed           0x1               uzeboxVideoEngine.o
currDeltaTime       0x2               uzeboxSoundEngine.o
fadeDir             0x1               uzeboxVideoEngine.o
patchPointers       0x2               uzeboxSoundEngine.o
lastStatus          0x1               uzeboxSoundEngine.o
_buttons            0x2               uzeboxCore.o
ramPatch            0x1               uzeboxSoundEngine.o
absoluteTime        0x2               uzeboxSoundEngine.o
bytesPerSector      0x4               Uzeamp.o
btnHandlerPtr       0x2               uzeboxCore.o
free_tile_index     0x1               uzeboxVideoEngine.o
mouseSpriteIndex    0x1               uzeboxCore.o
fadeActive          0x1               uzeboxVideoEngine.o
dirTableSector      0x4               Uzeamp.o
mouseWidth          0x1               uzeboxCore.o
masterVolume        0x1               uzeboxSoundEngine.o
infoTemp            0x30              Uzeamp.o
maxRootDirectoryEntries
                    0x4               Uzeamp.o
nextDeltaTime       0x2               uzeboxSoundEngine.o
i                   0x2               uzeboxCore.o
songPos             0x2               uzeboxSoundEngine.o
sector              0x200             Uzeamp.o
files               0x150             Uzeamp.o
ramPatchPtr         0x1               uzeboxSoundEngine.o
buttons             0x42              Uzeamp.o
cur                 0x2               Uzeamp.o
y                   0x2               Uzeamp.o
sectorsPerCluster   0x4               Uzeamp.o
actionButton        0x2               uzeboxCore.o
loopStart           0x2               uzeboxSoundEngine.o
infoSong            0x68              Uzeamp.o
data_delay          0x2               mmc_if.o
soundDataStart      0x2               Uzeamp.o
currFadeFrame       0x1               uzeboxVideoEngine.o
fadeStep            0x1               uzeboxVideoEngine.o
mouseHeight         0x1               uzeboxCore.o

Discarded input sections

 .data          0x00000000        0x0 c:/apps/winavr-20080610/bin/../lib/gcc/avr/4.3.0/../../../../avr/lib/avr5/crtm644.o
 .bss           0x00000000        0x0 c:/apps/winavr-20080610/bin/../lib/gcc/avr/4.3.0/../../../../avr/lib/avr5/crtm644.o
 .data          0x00000000        0x0 uzeboxVideoEngineCore.o
 .text          0x00000000        0x0 uzeboxCore.o
 .data          0x00000000        0x0 uzeboxCore.o
 .text.SoftReset
                0x00000000        0x0 uzeboxCore.o
 .text.logo     0x00000000        0x0 uzeboxCore.o
 .text.unregisterButtonHandler
                0x00000000        0x0 uzeboxCore.o
 .text.isEepromFormatted
                0x00000000        0x0 uzeboxCore.o
 .text.EepromReadBlock
                0x00000000        0x0 uzeboxCore.o
 .text.EepromWriteBlock
                0x00000000        0x0 uzeboxCore.o
 .text.debug2   0x00000000        0x0 uzeboxCore.o
 .text.GetMouseSensitivity
                0x00000000        0x0 uzeboxCore.o
 .text.SetMouseSensitivity
                0x00000000        0x0 uzeboxCore.o
 .text          0x00000000        0x0 uzeboxSoundEngine.o
 .data          0x00000000        0x0 uzeboxSoundEngine.o
 .bss           0x00000000        0x0 uzeboxSoundEngine.o
 .text.PatchCommand00
                0x00000000        0x0 uzeboxSoundEngine.o
 .text.PatchCommand01
                0x00000000        0x0 uzeboxSoundEngine.o
 .text.PatchCommand05
                0x00000000        0x0 uzeboxSoundEngine.o
 .text.PatchCommand06
                0x00000000        0x0 uzeboxSoundEngine.o
 .text.PatchCommand07
                0x00000000        0x0 uzeboxSoundEngine.o
 .text.PatchCommand09
                0x00000000        0x0 uzeboxSoundEngine.o
 .text.PatchCommand10
                0x00000000        0x0 uzeboxSoundEngine.o
 .text.InitMusicPlayer
                0x00000000        0x0 uzeboxSoundEngine.o
 .text.StartSong
                0x00000000        0x0 uzeboxSoundEngine.o
 .text.RestartSong
                0x00000000        0x0 uzeboxSoundEngine.o
 .text.StopSong
                0x00000000        0x0 uzeboxSoundEngine.o
 .text.ResumeSong
                0x00000000        0x0 uzeboxSoundEngine.o
 .text.ReadVarLen
                0x00000000        0x0 uzeboxSoundEngine.o
 .text.SetMasterVolume
                0x00000000        0x0 uzeboxSoundEngine.o
 .text.PatchCommand02
                0x00000000        0x0 uzeboxSoundEngine.o
 .text.TriggerNote
                0x00000000        0x0 uzeboxSoundEngine.o
 .text.ProcessMusic
                0x00000000        0x0 uzeboxSoundEngine.o
 .text.TriggerFx
                0x00000000        0x0 uzeboxSoundEngine.o
 .text.PatchCommand08
                0x00000000        0x0 uzeboxSoundEngine.o
 .text.PatchCommand04
                0x00000000        0x0 uzeboxSoundEngine.o
 .text.PatchCommand03
                0x00000000        0x0 uzeboxSoundEngine.o
 .progmem.data  0x00000000        0x0 uzeboxSoundEngine.o
 COMMON         0x00000000        0x0 uzeboxSoundEngine.o
 .data          0x00000000        0x0 uzeboxSoundEngineCore.o
 .text          0x00000000        0x0 uzeboxVideoEngine.o
 .bss           0x00000000        0x0 uzeboxVideoEngine.o
 .text.SetSpriteVisibility
                0x00000000        0x0 uzeboxVideoEngine.o
 .text.doFade   0x00000000        0x0 uzeboxVideoEngine.o
 .text.FadeIn   0x00000000        0x0 uzeboxVideoEngine.o
 .text.FadeOut  0x00000000        0x0 uzeboxVideoEngine.o
 .text.FontFill
                0x00000000        0x0 uzeboxVideoEngine.o
 .text.PrintHexInt
                0x00000000        0x0 uzeboxVideoEngine.o
 .text.PrintBinaryByte
                0x00000000        0x0 uzeboxVideoEngine.o
 .text.PrintInt
                0x00000000        0x0 uzeboxVideoEngine.o
 .text.PrintByte
                0x00000000        0x0 uzeboxVideoEngine.o
 .text.PrintLong
                0x00000000        0x0 uzeboxVideoEngine.o
 .text.Fill     0x00000000        0x0 uzeboxVideoEngine.o
 .text.DrawMap  0x00000000        0x0 uzeboxVideoEngine.o
 .text          0x00000000        0x0 mmc_if.o
 .data          0x00000000        0x0 mmc_if.o
 .text.mmc_readNextSector
                0x00000000        0x0 mmc_if.o
 .text          0x00000000        0x0 Uzeamp.o
 .text.flipSkin
                0x00000000        0x0 Uzeamp.o
 .text.rewindSong
                0x00000000        0x0 Uzeamp.o
 .text.forwardSong
                0x00000000        0x0 Uzeamp.o
 .text.debug    0x00000000        0x0 Uzeamp.o
 .text          0x00000000        0x0 c:/apps/winavr-20080610/bin/../lib/gcc/avr/4.3.0/avr5\libgcc.a(_mulsi3.o)
 .data          0x00000000        0x0 c:/apps/winavr-20080610/bin/../lib/gcc/avr/4.3.0/avr5\libgcc.a(_mulsi3.o)
 .bss           0x00000000        0x0 c:/apps/winavr-20080610/bin/../lib/gcc/avr/4.3.0/avr5\libgcc.a(_mulsi3.o)
 .text          0x00000000        0x0 c:/apps/winavr-20080610/bin/../lib/gcc/avr/4.3.0/avr5\libgcc.a(_udivmodqi4.o)
 .data          0x00000000        0x0 c:/apps/winavr-20080610/bin/../lib/gcc/avr/4.3.0/avr5\libgcc.a(_udivmodqi4.o)
 .bss           0x00000000        0x0 c:/apps/winavr-20080610/bin/../lib/gcc/avr/4.3.0/avr5\libgcc.a(_udivmodqi4.o)
 .text.libgcc   0x00000000        0x0 c:/apps/winavr-20080610/bin/../lib/gcc/avr/4.3.0/avr5\libgcc.a(_udivmodqi4.o)
 .text          0x00000000        0x0 c:/apps/winavr-20080610/bin/../lib/gcc/avr/4.3.0/avr5\libgcc.a(_udivmodhi4.o)
 .data          0x00000000        0x0 c:/apps/winavr-20080610/bin/../lib/gcc/avr/4.3.0/avr5\libgcc.a(_udivmodhi4.o)
 .bss           0x00000000        0x0 c:/apps/winavr-20080610/bin/../lib/gcc/avr/4.3.0/avr5\libgcc.a(_udivmodhi4.o)
 .text          0x00000000        0x0 c:/apps/winavr-20080610/bin/../lib/gcc/avr/4.3.0/avr5\libgcc.a(_divmodhi4.o)
 .data          0x00000000        0x0 c:/apps/winavr-20080610/bin/../lib/gcc/avr/4.3.0/avr5\libgcc.a(_divmodhi4.o)
 .bss           0x00000000        0x0 c:/apps/winavr-20080610/bin/../lib/gcc/avr/4.3.0/avr5\libgcc.a(_divmodhi4.o)
 .text          0x00000000        0x0 c:/apps/winavr-20080610/bin/../lib/gcc/avr/4.3.0/avr5\libgcc.a(_udivmodsi4.o)
 .data          0x00000000        0x0 c:/apps/winavr-20080610/bin/../lib/gcc/avr/4.3.0/avr5\libgcc.a(_udivmodsi4.o)
 .bss           0x00000000        0x0 c:/apps/winavr-20080610/bin/../lib/gcc/avr/4.3.0/avr5\libgcc.a(_udivmodsi4.o)
 .text          0x00000000        0x0 c:/apps/winavr-20080610/bin/../lib/gcc/avr/4.3.0/avr5\libgcc.a(_divmodsi4.o)
 .data          0x00000000        0x0 c:/apps/winavr-20080610/bin/../lib/gcc/avr/4.3.0/avr5\libgcc.a(_divmodsi4.o)
 .bss           0x00000000        0x0 c:/apps/winavr-20080610/bin/../lib/gcc/avr/4.3.0/avr5\libgcc.a(_divmodsi4.o)
 .text          0x00000000        0x0 c:/apps/winavr-20080610/bin/../lib/gcc/avr/4.3.0/avr5\libgcc.a(_exit.o)
 .data          0x00000000        0x0 c:/apps/winavr-20080610/bin/../lib/gcc/avr/4.3.0/avr5\libgcc.a(_exit.o)
 .bss           0x00000000        0x0 c:/apps/winavr-20080610/bin/../lib/gcc/avr/4.3.0/avr5\libgcc.a(_exit.o)
 .text.libgcc   0x00000000        0x0 c:/apps/winavr-20080610/bin/../lib/gcc/avr/4.3.0/avr5\libgcc.a(_exit.o)
 .text          0x00000000        0x0 c:/apps/winavr-20080610/bin/../lib/gcc/avr/4.3.0/avr5\libgcc.a(_copy_data.o)
 .data          0x00000000        0x0 c:/apps/winavr-20080610/bin/../lib/gcc/avr/4.3.0/avr5\libgcc.a(_copy_data.o)
 .bss           0x00000000        0x0 c:/apps/winavr-20080610/bin/../lib/gcc/avr/4.3.0/avr5\libgcc.a(_copy_data.o)
 .text.libgcc   0x00000000        0x0 c:/apps/winavr-20080610/bin/../lib/gcc/avr/4.3.0/avr5\libgcc.a(_copy_data.o)
 .text          0x00000000        0x0 c:/apps/winavr-20080610/bin/../lib/gcc/avr/4.3.0/avr5\libgcc.a(_clear_bss.o)
 .data          0x00000000        0x0 c:/apps/winavr-20080610/bin/../lib/gcc/avr/4.3.0/avr5\libgcc.a(_clear_bss.o)
 .bss           0x00000000        0x0 c:/apps/winavr-20080610/bin/../lib/gcc/avr/4.3.0/avr5\libgcc.a(_clear_bss.o)
 .text.libgcc   0x00000000        0x0 c:/apps/winavr-20080610/bin/../lib/gcc/avr/4.3.0/avr5\libgcc.a(_clear_bss.o)

Memory Configuration

Name             Origin             Length             Attributes
text             0x00000000         0x00020000         xr
data             0x00800060         0x0000ffa0         rw !x
eeprom           0x00810000         0x00010000         rw !x
fuse             0x00820000         0x00000400         rw !x
lock             0x00830000         0x00000400         rw !x
signature        0x00840000         0x00000400         rw !x
*default*        0x00000000         0xffffffff

Linker script and memory map

Address of section .data set to 0x800100
LOAD c:/apps/winavr-20080610/bin/../lib/gcc/avr/4.3.0/../../../../avr/lib/avr5/crtm644.o
LOAD uzeboxVideoEngineCore.o
LOAD uzeboxCore.o
LOAD uzeboxSoundEngine.o
LOAD uzeboxSoundEngineCore.o
LOAD uzeboxVideoEngine.o
LOAD mmc_if.o
LOAD Uzeamp.o
LOAD c:/apps/winavr-20080610/bin/../lib/gcc/avr/4.3.0/avr5\libgcc.a
LOAD c:/apps/winavr-20080610/bin/../lib/gcc/avr/4.3.0/../../../../avr/lib/avr5\libc.a
LOAD c:/apps/winavr-20080610/bin/../lib/gcc/avr/4.3.0/avr5\libgcc.a

.hash
 *(.hash)

.dynsym
 *(.dynsym)

.dynstr
 *(.dynstr)

.gnu.version
 *(.gnu.version)

.gnu.version_d
 *(.gnu.version_d)

.gnu.version_r
 *(.gnu.version_r)

.rel.init
 *(.rel.init)

.rela.init
 *(.rela.init)

.rel.text
 *(.rel.text)
 *(.rel.text.*)
 *(.rel.gnu.linkonce.t*)

.rela.text
 *(.rela.text)
 *(.rela.text.*)
 *(.rela.gnu.linkonce.t*)

.rel.fini
 *(.rel.fini)

.rela.fini
 *(.rela.fini)

.rel.rodata
 *(.rel.rodata)
 *(.rel.rodata.*)
 *(.rel.gnu.linkonce.r*)

.rela.rodata
 *(.rela.rodata)
 *(.rela.rodata.*)
 *(.rela.gnu.linkonce.r*)

.rel.data
 *(.rel.data)
 *(.rel.data.*)
 *(.rel.gnu.linkonce.d*)

.rela.data
 *(.rela.data)
 *(.rela.data.*)
 *(.rela.gnu.linkonce.d*)

.rel.ctors
 *(.rel.ctors)

.rela.ctors
 *(.rela.ctors)

.rel.dtors
 *(.rel.dtors)

.rela.dtors
 *(.rela.dtors)

.rel.got
 *(.rel.got)

.rela.got
 *(.rela.got)

.rel.bss
 *(.rel.bss)

.rela.bss
 *(.rela.bss)

.rel.plt
 *(.rel.plt)

.rela.plt
 *(.rela.plt)

.text           0x00000000     0x7f66
 *(.vectors)
 .vectors       0x00000000       0x70 c:/apps/winavr-20080610/bin/../lib/gcc/avr/4.3.0/../../../../avr/lib/avr5/crtm644.o
                0x00000000                __vectors
                0x00000000                __vector_default
 *(.vectors)
 *(.progmem.gcc*)
 *(.progmem*)
 .progmem.data  0x00000070        0xf mmc_if.o
 .progmem.data  0x0000007f     0x43fe Uzeamp.o
                0x000043c0                map_digitBlank
                0x000043e0                map_btnPlayPushed
                0x00004410                map_btnNextPushed
                0x00004390                map_digit4
                0x0000441c                map_vCursor
                0x0000403f                map_main
                0x00004408                map_btnNextNormal
                0x000043d0                map_btnPrevPushed
                0x00004388                map_digit3
                0x000043f0                map_btnPausePushed
                0x00004400                map_btnStopPushed
                0x000043e8                map_btnPauseNormal
                0x000043a8                map_digit7
                0x00004398                map_digit5
                0x00002e3f                font_tileset_blue
                0x000043b0                map_digit8
                0x0000436b                map_digitSep
                0x00004370                map_digit0
                0x000043d8                map_btnPlayNormal
                0x0000007f                main_tileset
                0x00004380                map_digit2
                0x00004418                map_hCursor
                0x00001e3f                font_tileset
                0x00003e3f                sprites_tileset
                0x000043f8                map_btnStopNormal
                0x000043a0                map_digit6
                0x0000441f                map_mouse
                0x000043c8                map_btnPrevNormal
                0x000043b8                map_digit9
                0x00004378                map_digit1
                0x0000447e                . = ALIGN (0x2)
 *fill*         0x0000447d        0x1 00
                0x0000447e                __trampolines_start = .
 *(.trampolines)
 .trampolines   0x0000447e        0x0 linker stubs
 *(.trampolines*)
                0x0000447e                __trampolines_end = .
 *(.jumptables)
 *(.jumptables*)
 *(.lowtext)
 *(.lowtext*)
                0x0000447e                __ctors_start = .
 *(.ctors)
                0x0000447e                __ctors_end = .
                0x0000447e                __dtors_start = .
 *(.dtors)
                0x0000447e                __dtors_end = .
 SORT(*)(.ctors)
 SORT(*)(.dtors)
 *(.init0)
 .init0         0x0000447e        0x0 c:/apps/winavr-20080610/bin/../lib/gcc/avr/4.3.0/../../../../avr/lib/avr5/crtm644.o
                0x0000447e                __init
 *(.init0)
 *(.init1)
 *(.init1)
 *(.init2)
 .init2         0x0000447e        0xc c:/apps/winavr-20080610/bin/../lib/gcc/avr/4.3.0/../../../../avr/lib/avr5/crtm644.o
 *(.init2)
 *(.init3)
 .init3         0x0000448a       0x12 uzeboxCore.o
                0x0000448a                wdt_init
 *(.init3)
 *(.init4)
 .init4         0x0000449c       0x16 c:/apps/winavr-20080610/bin/../lib/gcc/avr/4.3.0/avr5\libgcc.a(_copy_data.o)
                0x0000449c                __do_copy_data
 .init4         0x000044b2       0x10 c:/apps/winavr-20080610/bin/../lib/gcc/avr/4.3.0/avr5\libgcc.a(_clear_bss.o)
                0x000044b2                __do_clear_bss
 *(.init4)
 *(.init5)
 *(.init5)
 *(.init6)
 *(.init6)
 *(.init7)
 *(.init7)
 *(.init8)
 .init8         0x000044c2      0x102 uzeboxCore.o
                0x000044c2                Initialize
 *(.init8)
 *(.init9)
 .init9         0x000045c4        0x8 c:/apps/winavr-20080610/bin/../lib/gcc/avr/4.3.0/../../../../avr/lib/avr5/crtm644.o
 *(.init9)
 *(.text)
 .text          0x000045cc        0x4 c:/apps/winavr-20080610/bin/../lib/gcc/avr/4.3.0/../../../../avr/lib/avr5/crtm644.o
                0x000045cc                __vector_22
                0x000045cc                __vector_1
                0x000045cc                __vector_24
                0x000045cc                __vector_12
                0x000045cc                __bad_interrupt
                0x000045cc                __vector_6
                0x000045cc                __vector_3
                0x000045cc                __vector_23
                0x000045cc                __vector_25
                0x000045cc                __vector_11
                0x000045cc                __vector_17
                0x000045cc                __vector_19
                0x000045cc                __vector_7
                0x000045cc                __vector_27
                0x000045cc                __vector_5
                0x000045cc                __vector_4
                0x000045cc                __vector_9
                0x000045cc                __vector_2
                0x000045cc                __vector_21
                0x000045cc                __vector_15
                0x000045cc                __vector_8
                0x000045cc                __vector_26
                0x000045cc                __vector_14
                0x000045cc                __vector_10
                0x000045cc                __vector_16
                0x000045cc                __vector_18
                0x000045cc                __vector_20
 .text          0x000045d0      0x69e uzeboxVideoEngineCore.o
                0x00004c2c                WaitUs
                0x00004a14                SetSpritesTileTable
                0x00004c60                internal_spi_byte
                0x00004b74                BlitSprite
                0x0000495a                ClearVram
                0x00004bfc                ReadJoypad
                0x000049f0                SetFont
                0x00004a28                GetVsyncFlag
                0x00004820                __vector_13
                0x00004c14                ReadJoypadExt
                0x000049d2                SetTile
                0x00004a52                CopyTileToRam
                0x00004c4e                ReadEeprom
                0x000049ee                LoadMap
                0x00004a1e                SetTileTable
                0x00004bf6                SetColorBurstOffset
                0x00004a2e                ClearVsyncFlag
                0x00004a0e                SetFontTilesIndex
                0x00004c3a                WriteEeprom
 *fill*         0x00004c6e       0x92 00
 .text          0x00004d00      0xd00 uzeboxSoundEngineCore.o
                0x00004e98                update_sound_buffer_2
                0x00004e4a                update_sound_buffer
                0x00004d78                SetMixerVolume
                0x00004d2e                SetMixerNoiseParams
                0x00004d8e                MixSound
                0x00004d3e                SetMixerWave
                0x00004d00                SetMixerNote
                0x00004f00                waves
                0x00005a00                . = ALIGN (0x2)
 *(.text.*)
 .text.GetMouseX
                0x00005a00        0x6 uzeboxCore.o
                0x00005a00                GetMouseX
 .text.GetMouseY
                0x00005a06        0x6 uzeboxCore.o
                0x00005a06                GetMouseY
 .text.GetActionButton
                0x00005a0c        0xa uzeboxCore.o
                0x00005a0c                GetActionButton
 .text.createAreaButton
                0x00005a16       0x26 uzeboxCore.o
                0x00005a16                createAreaButton
 .text.registerButtonHandler
                0x00005a3c       0x18 uzeboxCore.o
                0x00005a3c                registerButtonHandler
 .text.processButtons
                0x00005a54      0x1cc uzeboxCore.o
                0x00005a54                processButtons
 .text.createButton
                0x00005c20       0x5c uzeboxCore.o
                0x00005c20                createButton
 .text.DetectControllers
                0x00005c7c       0x68 uzeboxCore.o
                0x00005c7c                DetectControllers
 .text.processMouseMovement
                0x00005ce4      0x15e uzeboxCore.o
                0x00005ce4                processMouseMovement
 .text.ReadButtons
                0x00005e42       0x92 uzeboxCore.o
                0x00005e42                ReadButtons
 .text.ReadControllers
                0x00005ed4       0x80 uzeboxCore.o
                0x00005ed4                ReadControllers
 .text.EnableSnesMouse
                0x00005f54       0x78 uzeboxCore.o
                0x00005f54                EnableSnesMouse
 .text.DisplayMixStats
                0x00005fcc        0x2 uzeboxSoundEngine.o
                0x00005fcc                DisplayMixStats
 .text.RestoreBackground
                0x00005fce       0x2e uzeboxVideoEngine.o
                0x00005fce                RestoreBackground
 .text.DrawMap2
                0x00005ffc       0x5c uzeboxVideoEngine.o
                0x00005ffc                DrawMap2
 .text.MapSprite
                0x00006058       0x5c uzeboxVideoEngine.o
                0x00006058                MapSprite
 .text.MoveSprite
                0x000060b4       0x38 uzeboxVideoEngine.o
                0x000060b4                MoveSprite
 .text.ProcessFading
                0x000060ec       0x48 uzeboxVideoEngine.o
                0x000060ec                ProcessFading
 .text.WaitVsync
                0x00006134       0x2e uzeboxVideoEngine.o
                0x00006134                WaitVsync
 .text.PrintChar
                0x00006162        0x8 uzeboxVideoEngine.o
                0x00006162                PrintChar
 .text.PrintRam
                0x0000616a       0x36 uzeboxVideoEngine.o
                0x0000616a                PrintRam
 .text.Print    0x000061a0       0x38 uzeboxVideoEngine.o
                0x000061a0                Print
 .text.PrintHexByte
                0x000061d8       0x42 uzeboxVideoEngine.o
                0x000061d8                PrintHexByte
 .text.PrintHexLong
                0x0000621a       0x5e uzeboxVideoEngine.o
                0x0000621a                PrintHexLong
 .text.ProcessSprites
                0x00006278      0x1a8 uzeboxVideoEngine.o
                0x00006278                ProcessSprites
 .text.mmc_mixerGetCurrentSector
                0x00006420       0x16 mmc_if.o
                0x00006420                mmc_mixerGetCurrentSector
 .text.spi_byte
                0x00006436        0x6 mmc_if.o
 .text.mmc_clock_and_release
                0x0000643c       0x16 mmc_if.o
                0x0000643c                mmc_clock_and_release
 .text.mmc_datatoken
                0x00006452       0x2c mmc_if.o
                0x00006452                mmc_datatoken
 .text.mmc_processMixer
                0x0000647e       0xe4 mmc_if.o
                0x0000647e                mmc_processMixer
 .text.mmc_get  0x00006562       0x20 mmc_if.o
                0x00006562                mmc_get
 .text.mmc_send_command
                0x00006582       0x54 mmc_if.o
                0x00006582                mmc_send_command
 .text.mmc_mixerStop
                0x000065d6       0x30 mmc_if.o
                0x000065d6                mmc_mixerStop
 .text.mmc_mixerStart
                0x00006606       0x82 mmc_if.o
                0x00006606                mmc_mixerStart
 .text.mmc_init
                0x00006688       0x76 mmc_if.o
                0x00006688                mmc_init
 .text.mmc_readsector
                0x000066fe       0x96 mmc_if.o
                0x000066fe                mmc_readsector
 .text.GetFileSector
                0x00006794       0x98 Uzeamp.o
                0x00006794                GetFileSector
 .text.noCard   0x0000682c       0x18 Uzeamp.o
                0x0000682c                noCard
 .text.init     0x00006844       0x92 Uzeamp.o
                0x00006844                init
 .text.LoadRootDirectory
                0x000068d6       0xf0 Uzeamp.o
                0x000068d6                LoadRootDirectory
 .text.getChar  0x000069c6       0x92 Uzeamp.o
                0x000069c6                getChar
 .text.findTag  0x00006a58      0x1f2 Uzeamp.o
                0x00006a58                findTag
 .text.loadWaveInfoBlock
                0x00006c4a      0x24c Uzeamp.o
                0x00006c4a                loadWaveInfoBlock
 .text.printFileTime
                0x00006e96      0x204 Uzeamp.o
                0x00006e96                printFileTime
 .text.printDigits
                0x0000709a      0x226 Uzeamp.o
                0x0000709a                printDigits
 .text.animateTextLine
                0x000072c0       0xdc Uzeamp.o
                0x000072c0                animateTextLine
 .text.stopSong
                0x0000739c        0xa Uzeamp.o
                0x0000739c                stopSong
 .text.pauseSong
                0x000073a6       0x2e Uzeamp.o
                0x000073a6                pauseSong
 .text.startSong
                0x000073d4       0x9e Uzeamp.o
                0x000073d4                startSong
 .text.buttonHandler
                0x00007472       0xd0 Uzeamp.o
                0x00007472                buttonHandler
 .text.main     0x00007542      0x91a Uzeamp.o
                0x00007542                main
 .text.libgcc   0x00007e5c       0x3e c:/apps/winavr-20080610/bin/../lib/gcc/avr/4.3.0/avr5\libgcc.a(_mulsi3.o)
                0x00007e5c                __mulsi3
 .text.libgcc   0x00007e9a       0x28 c:/apps/winavr-20080610/bin/../lib/gcc/avr/4.3.0/avr5\libgcc.a(_udivmodhi4.o)
                0x00007e9a                __udivmodhi4
 .text.libgcc   0x00007ec2       0x26 c:/apps/winavr-20080610/bin/../lib/gcc/avr/4.3.0/avr5\libgcc.a(_divmodhi4.o)
                0x00007ec2                __divmodhi4
                0x00007ec2                _div
 .text.libgcc   0x00007ee8       0x44 c:/apps/winavr-20080610/bin/../lib/gcc/avr/4.3.0/avr5\libgcc.a(_udivmodsi4.o)
                0x00007ee8                __udivmodsi4
 .text.libgcc   0x00007f2c       0x36 c:/apps/winavr-20080610/bin/../lib/gcc/avr/4.3.0/avr5\libgcc.a(_divmodsi4.o)
                0x00007f2c                __divmodsi4
                0x00007f62                . = ALIGN (0x2)
 *(.fini9)
 .fini9         0x00007f62        0x0 c:/apps/winavr-20080610/bin/../lib/gcc/avr/4.3.0/avr5\libgcc.a(_exit.o)
                0x00007f62                exit
                0x00007f62                _exit
 *(.fini9)
 *(.fini8)
 *(.fini8)
 *(.fini7)
 *(.fini7)
 *(.fini6)
 *(.fini6)
 *(.fini5)
 *(.fini5)
 *(.fini4)
 *(.fini4)
 *(.fini3)
 *(.fini3)
 *(.fini2)
 *(.fini2)
 *(.fini1)
 *(.fini1)
 *(.fini0)
 .fini0         0x00007f62        0x4 c:/apps/winavr-20080610/bin/../lib/gcc/avr/4.3.0/avr5\libgcc.a(_exit.o)
 *(.fini0)
                0x00007f66                _etext = .

.data           0x00800100       0x6e load address 0x00007f66
                0x00800100                PROVIDE (__data_start, .)
 *(.data)
 .data          0x00800100        0xd uzeboxVideoEngine.o
                0x00800100                spritesOn
                0x00800101                fader
 .data          0x0080010d       0x60 Uzeamp.o
                0x00800115                skinNames
                0x0080010d                skins
 *(.data*)
 *(.rodata)
 *(.rodata*)
 *(.gnu.linkonce.d*)
                0x0080016e                . = ALIGN (0x2)
 *fill*         0x0080016d        0x1 00
                0x0080016e                _edata = .
                0x0080016e                PROVIDE (__data_end, .)

.bss            0x0080016e      0xd7f load address 0x00007fd4
                0x0080016e                PROVIDE (__bss_start, .)
 *(.bss)
 *fill*         0x0080016e       0x12 00
 .bss           0x00800180      0x6a0 uzeboxVideoEngineCore.o
                0x0080080b                vsync_phase
                0x00800806                sync_phase
                0x00800815                joypad2_status_hi
                0x00800811                joypad1_status_hi
                0x0080080a                curr_frame
                0x0080080c                tile_table_lo
                0x00800809                curr_field
                0x00800804                sprites_tiletable_lo
                0x00800807                sync_pulse
                0x008004e0                ram_tiles
                0x0080080f                joypad1_status_lo
                0x00800180                vram
                0x008007e0                ram_tiles_restore
                0x00800813                joypad2_status_lo
                0x00800817                burstOffset
 .bss           0x00800820        0xc uzeboxCore.o
                0x00800821                playDevice
                0x00800828                buttonsHandlerActive
                0x00800822                playPort
                0x00800825                my
                0x00800820                snesMouseEnabled
                0x00800827                btnCount
                0x00800823                mx
 .bss           0x0080082c      0x239 uzeboxSoundEngineCore.o
                0x00800a5e                tr4_barrel_hi
                0x00800a5d                tr4_barrel_lo
                0x00800a3d                mixer
                0x00800a5c                tr4_params
                0x00800a3a                mix_bank
                0x00800a38                mix_pos
                0x0080082c                mix_buf
 .bss           0x00800a65        0x5 mmc_if.o
                0x00800a65                mmc_mixer_active
 .bss           0x00800a6a       0x1a Uzeamp.o
                0x00800a7b                useMouse
                0x00800a76                songSize
                0x00800a6c                cueing
                0x00800a7a                cardDetected
                0x00800a74                fileCount
                0x00800a6b                playing
                0x00800a6a                infoSongLen
                0x00800a72                playingFile
                0x00800a6d                mouseCueing
                0x00800a7d                currSkin
                0x00800a6e                sectorNo
                0x00800a7c                debugNo
 *(.bss*)
 *(COMMON)
 COMMON         0x00800a84        0xb uzeboxCore.o
                0x00800a84                _buttons
                0x00800a86                btnHandlerPtr
                0x00800a88                mouseSpriteIndex
                0x00800a89                mouseWidth
                0x00800a8a                i
                0x00800a8c                actionButton
                0x00800a8e                mouseHeight
 COMMON         0x00800a8f       0x16 uzeboxVideoEngine.o
                0x00800a8f                sprites
                0x00800a9f                fadeSpeed
                0x00800aa0                fadeDir
                0x00800aa1                free_tile_index
                0x00800aa2                fadeActive
                0x00800aa3                currFadeFrame
                0x00800aa4                fadeStep
 COMMON         0x00800aa5        0x6 mmc_if.o
                0x00800aa5                mmc_mixer_sector
                0x00800aa9                data_delay
 COMMON         0x00800aab      0x442 Uzeamp.o
                0x00800aab                x
                0x00800aad                bytesPerSector
                0x00800ab1                dirTableSector
                0x00800ab5                infoTemp
                0x00800ae5                maxRootDirectoryEntries
                0x00800ae9                sector
                0x00800ce9                files
                0x00800e39                buttons
                0x00800e7b                cur
                0x00800e7d                y
                0x00800e7f                sectorsPerCluster
                0x00800e83                infoSong
                0x00800eeb                soundDataStart
                0x00800eed                PROVIDE (__bss_end, .)
                0x00007f66                __data_load_start = LOADADDR (.data)
                0x00007fd4                __data_load_end = (__data_load_start + SIZEOF (.data))

.noinit         0x00800eed        0x0
                0x00800eed                PROVIDE (__noinit_start, .)
 *(.noinit*)
                0x00800eed                PROVIDE (__noinit_end, .)
                0x00800eed                _end = .
                0x00800eed                PROVIDE (__heap_start, .)

.eeprom         0x00810000        0x0
 *(.eeprom*)
                0x00810000                __eeprom_end = .

.fuse
 *(.fuse)
 *(.lfuse)
 *(.hfuse)
 *(.efuse)

.lock
 *(.lock*)

.signature
 *(.signature*)

.stab
 *(.stab)

.stabstr
 *(.stabstr)

.stab.excl
 *(.stab.excl)

.stab.exclstr
 *(.stab.exclstr)

.stab.index
 *(.stab.index)

.stab.indexstr
 *(.stab.indexstr)

.comment
 *(.comment)

.debug
 *(.debug)

.line
 *(.line)

.debug_srcinfo
 *(.debug_srcinfo)

.debug_sfnames
 *(.debug_sfnames)

.debug_aranges  0x00000000      0x398
 *(.debug_aranges)
 .debug_aranges
                0x00000000       0xd0 uzeboxCore.o
 .debug_aranges
                0x000000d0       0xc8 uzeboxSoundEngine.o
 .debug_aranges
                0x00000198       0xd8 uzeboxVideoEngine.o
 .debug_aranges
                0x00000270       0x78 mmc_if.o
 .debug_aranges
                0x000002e8       0xb0 Uzeamp.o

.debug_pubnames
                0x00000000      0xce0
 *(.debug_pubnames)
 .debug_pubnames
                0x00000000      0x294 uzeboxCore.o
 .debug_pubnames
                0x00000294      0x26d uzeboxSoundEngine.o
 .debug_pubnames
                0x00000501      0x1f5 uzeboxVideoEngine.o
 .debug_pubnames
                0x000006f6      0x127 mmc_if.o
 .debug_pubnames
                0x0000081d      0x4c3 Uzeamp.o

.debug_info     0x00000000     0x3c6b
 *(.debug_info)
 .debug_info    0x00000000      0xb33 uzeboxCore.o
 .debug_info    0x00000b33      0xe4d uzeboxSoundEngine.o
 .debug_info    0x00001980      0xc3f uzeboxVideoEngine.o
 .debug_info    0x000025bf      0x422 mmc_if.o
 .debug_info    0x000029e1     0x128a Uzeamp.o
 *(.gnu.linkonce.wi.*)

.debug_abbrev   0x00000000      0xc71
 *(.debug_abbrev)
 .debug_abbrev  0x00000000      0x2c0 uzeboxCore.o
 .debug_abbrev  0x000002c0      0x1f8 uzeboxSoundEngine.o
 .debug_abbrev  0x000004b8      0x2cf uzeboxVideoEngine.o
 .debug_abbrev  0x00000787      0x20b mmc_if.o
 .debug_abbrev  0x00000992      0x2df Uzeamp.o

.debug_line     0x00000000     0x2cf5
 *(.debug_line)
 .debug_line    0x00000000      0xab3 uzeboxCore.o
 .debug_line    0x00000ab3      0x915 uzeboxSoundEngine.o
 .debug_line    0x000013c8      0x825 uzeboxVideoEngine.o
 .debug_line    0x00001bed      0x4a8 mmc_if.o
 .debug_line    0x00002095      0xc60 Uzeamp.o

.debug_frame    0x00000000      0x690
 *(.debug_frame)
 .debug_frame   0x00000000      0x180 uzeboxCore.o
 .debug_frame   0x00000180      0x170 uzeboxSoundEngine.o
 .debug_frame   0x000002f0      0x190 uzeboxVideoEngine.o
 .debug_frame   0x00000480       0xd0 mmc_if.o
 .debug_frame   0x00000550      0x140 Uzeamp.o

.debug_str      0x00000000     0x1351
 *(.debug_str)
 .debug_str     0x00000000      0x55c uzeboxCore.o
                                0x5db (size before relaxing)
 .debug_str     0x0000055c      0x383 uzeboxSoundEngine.o
                                0x551 (size before relaxing)
 .debug_str     0x000008df      0x212 uzeboxVideoEngine.o
                                0x32b (size before relaxing)
 .debug_str     0x00000af1      0x144 mmc_if.o
                                0x23c (size before relaxing)
 .debug_str     0x00000c35      0x71c Uzeamp.o
                                0x889 (size before relaxing)

.debug_loc      0x00000000     0x26d4
 *(.debug_loc)
 .debug_loc     0x00000000      0x6a7 uzeboxCore.o
 .debug_loc     0x000006a7      0x863 uzeboxSoundEngine.o
 .debug_loc     0x00000f0a      0xb82 uzeboxVideoEngine.o
 .debug_loc     0x00001a8c      0x274 mmc_if.o
 .debug_loc     0x00001d00      0x9d4 Uzeamp.o

.debug_macinfo
 *(.debug_macinfo)
OUTPUT(Uzeamp.elf elf32-avr)
LOAD linker stubs

.debug_ranges   0x00000000      0x3a0
 .debug_ranges  0x00000000       0xc8 uzeboxCore.o
 .debug_ranges  0x000000c8       0xc0 uzeboxSoundEngine.o
 .debug_ranges  0x00000188      0x100 uzeboxVideoEngine.o
 .debug_ranges  0x00000288       0x70 mmc_if.o
 .debug_ranges  0x000002f8       0xa8 Uzeamp.o
